// Jest Snapshot v1, https://goo.gl/fbAQLP

exports[`NavBar Snapshot test 1`] = `[Function]`;
