// Jest Snapshot v1, https://goo.gl/fbAQLP

exports[`LoginPage should render the login form 1`] = `
<DocumentFragment>
  <div
    class="flex flex-col justify-center items-center h-screen"
  >
    <div
      class="w-full max-w-sm justify-center items-center mb-8 ml-14"
    >
      <img
        height="300"
        width="300"
      />
    </div>
    <div
      class="w-full items-center justify-center max-w-md p-4 bg-white border border-gray-200 rounded-lg shadow sm:p-6 md:p-8 dark:bg-gray-800 dark:border-gray-700 "
    >
      <form
        class="space-y-6"
      >
        <h5
          class="text-xl font-medium text-gray-900 dark:text-white text-center"
        >
          Sign in to Tech Times
        </h5>
        <div>
          <label
            class="block mb-2 text-sm font-medium text-gray-900 dark:text-white"
            for="username"
          >
            Username/Email
          </label>
          <input
            class="bg-gray-50 border border-gray-300 text-gray-900 text-sm rounded-lg focus:ring-blue-500 focus:border-blue-500 block w-full p-2.5 dark:bg-gray-600 dark:border-gray-500 dark:placeholder-gray-400 dark:text-white"
            id="username"
            required=""
            type="text"
            value=""
          />
        </div>
        <div>
          <label
            class="block mb-2 text-sm font-medium text-gray-900 dark:text-white"
            for="password"
          >
            Password
          </label>
          <input
            class="bg-gray-50 border border-gray-300 text-gray-900 text-sm rounded-lg focus:ring-blue-500 focus:border-blue-500 block w-full p-2.5 dark:bg-gray-600 dark:border-gray-500 dark:placeholder-gray-400 dark:text-white"
            id="password"
            name="password"
            required=""
            type="password"
            value=""
          />
        </div>
        <div
          class="flex items-start"
        >
          <div
            class="flex items-start"
          >
            <div
              class="flex items-center h-5"
            >
              <input
                class="w-4 h-4 border border-gray-300 rounded bg-gray-50 focus:ring-3 focus:ring-blue-300 dark:bg-gray-700 dark:border-gray-600 dark:focus:ring-blue-600 dark:ring-offset-gray-800 dark:focus:ring-offset-gray-800"
                id="remember"
                required=""
                type="checkbox"
                value=""
              />
            </div>
            <label
              class="ms-2 text-sm font-medium text-gray-900 dark:text-gray-300"
              for="remember"
            >
              Remember me
            </label>
          </div>
          <a
            class="ms-auto text-sm text-blue-700 hover:underline dark:text-blue-500"
            href="#"
          >
            Forget Password?
          </a>
        </div>
        <button
          class="w-full text-white bg-blue-700 hover:bg-blue-800 focus:ring-4 focus:outline-none focus:ring-blue-300 font-medium rounded-lg text-sm px-5 py-2.5 text-center dark:bg-blue-600 dark:hover:bg-blue-700 dark:focus:ring-blue-800"
          type="submit"
        >
          Login
        </button>
        <div
          class="text-sm font-medium text-gray-500 dark:text-gray-300"
        >
          Not registered? 
          <a
            class="text-blue-700 hover:underline dark:text-blue-500"
            href="#"
          >
            Create account
          </a>
        </div>
      </form>
    </div>
  </div>
</DocumentFragment>
`;
